<?xml version="1.0" encoding="ISO-8859-1" ?>
<link_info>
   <banner>MSP430 Linker PC v18.12.4.LTS</banner>
   <copyright>Copyright (c) 2003-2018 Texas Instruments Incorporated</copyright>
   <link_time>0x5ebb346b</link_time>
   <link_errors>0x0</link_errors>
   <output_file>MSP430-ADC+CURRENT.out</output_file>
   <entry_point>
      <name>_c_int00_noargs</name>
      <address>0x7eec</address>
   </entry_point>
   <input_file_list>
      <input_file id="fl-2">
         <path>.\</path>
         <kind>object</kind>
         <file>I2C.obj</file>
         <name>I2C.obj</name>
      </input_file>
      <input_file id="fl-3">
         <path>.\</path>
         <kind>object</kind>
         <file>analogsensors.obj</file>
         <name>analogsensors.obj</name>
      </input_file>
      <input_file id="fl-4">
         <path>.\</path>
         <kind>object</kind>
         <file>keys.obj</file>
         <name>keys.obj</name>
      </input_file>
      <input_file id="fl-5">
         <path>.\</path>
         <kind>object</kind>
         <file>lcd.obj</file>
         <name>lcd.obj</name>
      </input_file>
      <input_file id="fl-6">
         <path>.\</path>
         <kind>object</kind>
         <file>leds.obj</file>
         <name>leds.obj</name>
      </input_file>
      <input_file id="fl-7">
         <path>.\</path>
         <kind>object</kind>
         <file>main.obj</file>
         <name>main.obj</name>
      </input_file>
      <input_file id="fl-8">
         <path>.\</path>
         <kind>object</kind>
         <file>msp430_initialize_unused_interrrupt_vectors.obj</file>
         <name>msp430_initialize_unused_interrrupt_vectors.obj</name>
      </input_file>
      <input_file id="fl-9">
         <path>.\</path>
         <kind>object</kind>
         <file>sysfunc.obj</file>
         <name>sysfunc.obj</name>
      </input_file>
      <input_file id="fl-a">
         <path>.\</path>
         <kind>object</kind>
         <file>uart.obj</file>
         <name>uart.obj</name>
      </input_file>
      <input_file id="fl-f">
         <kind>object</kind>
         <file>&lt;internal&gt;</file>
         <name>&lt;internal&gt;</name>
      </input_file>
      <input_file id="fl-25">
         <path>C:\ti\ccs930\ccs\tools\compiler\ti-cgt-msp430_18.12.4.LTS\lib\</path>
         <kind>archive</kind>
         <file>rts430_eabi.lib</file>
         <name>sprintf.c.obj</name>
      </input_file>
      <input_file id="fl-26">
         <path>C:\ti\ccs930\ccs\tools\compiler\ti-cgt-msp430_18.12.4.LTS\lib\</path>
         <kind>archive</kind>
         <file>rts430_eabi.lib</file>
         <name>epilog.asm.obj</name>
      </input_file>
      <input_file id="fl-27">
         <path>C:\ti\ccs930\ccs\tools\compiler\ti-cgt-msp430_18.12.4.LTS\lib\</path>
         <kind>archive</kind>
         <file>rts430_eabi.lib</file>
         <name>int09.asm.obj</name>
      </input_file>
      <input_file id="fl-28">
         <path>C:\ti\ccs930\ccs\tools\compiler\ti-cgt-msp430_18.12.4.LTS\lib\</path>
         <kind>archive</kind>
         <file>rts430_eabi.lib</file>
         <name>isr_trap.asm.obj</name>
      </input_file>
      <input_file id="fl-29">
         <path>C:\ti\ccs930\ccs\tools\compiler\ti-cgt-msp430_18.12.4.LTS\lib\</path>
         <kind>archive</kind>
         <file>rts430_eabi.lib</file>
         <name>lsl16.asm.obj</name>
      </input_file>
      <input_file id="fl-2a">
         <path>C:\ti\ccs930\ccs\tools\compiler\ti-cgt-msp430_18.12.4.LTS\lib\</path>
         <kind>archive</kind>
         <file>rts430_eabi.lib</file>
         <name>mult16.asm.obj</name>
      </input_file>
      <input_file id="fl-2b">
         <path>C:\ti\ccs930\ccs\tools\compiler\ti-cgt-msp430_18.12.4.LTS\lib\</path>
         <kind>archive</kind>
         <file>rts430_eabi.lib</file>
         <name>mult16_hw.asm.obj</name>
      </input_file>
      <input_file id="fl-2c">
         <path>C:\ti\ccs930\ccs\tools\compiler\ti-cgt-msp430_18.12.4.LTS\lib\</path>
         <kind>archive</kind>
         <file>rts430_eabi.lib</file>
         <name>mult1632_hw.asm.obj</name>
      </input_file>
      <input_file id="fl-2d">
         <path>C:\ti\ccs930\ccs\tools\compiler\ti-cgt-msp430_18.12.4.LTS\lib\</path>
         <kind>archive</kind>
         <file>rts430_eabi.lib</file>
         <name>mult32_hw.asm.obj</name>
      </input_file>
      <input_file id="fl-2e">
         <path>C:\ti\ccs930\ccs\tools\compiler\ti-cgt-msp430_18.12.4.LTS\lib\</path>
         <kind>archive</kind>
         <file>rts430_eabi.lib</file>
         <name>mult3264_hw.asm.obj</name>
      </input_file>
      <input_file id="fl-2f">
         <path>C:\ti\ccs930\ccs\tools\compiler\ti-cgt-msp430_18.12.4.LTS\lib\</path>
         <kind>archive</kind>
         <file>rts430_eabi.lib</file>
         <name>mult64_hw.asm.obj</name>
      </input_file>
      <input_file id="fl-30">
         <path>C:\ti\ccs930\ccs\tools\compiler\ti-cgt-msp430_18.12.4.LTS\lib\</path>
         <kind>archive</kind>
         <file>rts430_eabi.lib</file>
         <name>boot.c.obj</name>
      </input_file>
      <input_file id="fl-31">
         <path>C:\ti\ccs930\ccs\tools\compiler\ti-cgt-msp430_18.12.4.LTS\lib\</path>
         <kind>archive</kind>
         <file>rts430_eabi.lib</file>
         <name>autoinit.c.obj</name>
      </input_file>
      <input_file id="fl-32">
         <path>C:\ti\ccs930\ccs\tools\compiler\ti-cgt-msp430_18.12.4.LTS\lib\</path>
         <kind>archive</kind>
         <file>rts430_eabi.lib</file>
         <name>copy_zero_init.c.obj</name>
      </input_file>
      <input_file id="fl-33">
         <path>C:\ti\ccs930\ccs\tools\compiler\ti-cgt-msp430_18.12.4.LTS\lib\</path>
         <kind>archive</kind>
         <file>rts430_eabi.lib</file>
         <name>cpy_tbl.c.obj</name>
      </input_file>
      <input_file id="fl-34">
         <path>C:\ti\ccs930\ccs\tools\compiler\ti-cgt-msp430_18.12.4.LTS\lib\</path>
         <kind>archive</kind>
         <file>rts430_eabi.lib</file>
         <name>mpu_init.c.obj</name>
      </input_file>
      <input_file id="fl-35">
         <path>C:\ti\ccs930\ccs\tools\compiler\ti-cgt-msp430_18.12.4.LTS\lib\</path>
         <kind>archive</kind>
         <file>rts430_eabi.lib</file>
         <name>pre_init.c.obj</name>
      </input_file>
      <input_file id="fl-36">
         <path>C:\ti\ccs930\ccs\tools\compiler\ti-cgt-msp430_18.12.4.LTS\lib\</path>
         <kind>archive</kind>
         <file>rts430_eabi.lib</file>
         <name>startup.c.obj</name>
      </input_file>
      <input_file id="fl-37">
         <path>C:\ti\ccs930\ccs\tools\compiler\ti-cgt-msp430_18.12.4.LTS\lib\</path>
         <kind>archive</kind>
         <file>rts430_eabi.lib</file>
         <name>copy_decompress_none.c.obj</name>
      </input_file>
      <input_file id="fl-38">
         <path>C:\ti\ccs930\ccs\tools\compiler\ti-cgt-msp430_18.12.4.LTS\lib\</path>
         <kind>archive</kind>
         <file>rts430_eabi.lib</file>
         <name>copy_decompress_lzss.c.obj</name>
      </input_file>
      <input_file id="fl-39">
         <path>C:\ti\ccs930\ccs\tools\compiler\ti-cgt-msp430_18.12.4.LTS\lib\</path>
         <kind>archive</kind>
         <file>rts430_eabi.lib</file>
         <name>cvtdf.c.obj</name>
      </input_file>
      <input_file id="fl-3a">
         <path>C:\ti\ccs930\ccs\tools\compiler\ti-cgt-msp430_18.12.4.LTS\lib\</path>
         <kind>archive</kind>
         <file>rts430_eabi.lib</file>
         <name>addd.c.obj</name>
      </input_file>
      <input_file id="fl-3b">
         <path>C:\ti\ccs930\ccs\tools\compiler\ti-cgt-msp430_18.12.4.LTS\lib\</path>
         <kind>archive</kind>
         <file>rts430_eabi.lib</file>
         <name>cvtfd.c.obj</name>
      </input_file>
      <input_file id="fl-3c">
         <path>C:\ti\ccs930\ccs\tools\compiler\ti-cgt-msp430_18.12.4.LTS\lib\</path>
         <kind>archive</kind>
         <file>rts430_eabi.lib</file>
         <name>divd.c.obj</name>
      </input_file>
      <input_file id="fl-3d">
         <path>C:\ti\ccs930\ccs\tools\compiler\ti-cgt-msp430_18.12.4.LTS\lib\</path>
         <kind>archive</kind>
         <file>rts430_eabi.lib</file>
         <name>fltud.c.obj</name>
      </input_file>
      <input_file id="fl-3e">
         <path>C:\ti\ccs930\ccs\tools\compiler\ti-cgt-msp430_18.12.4.LTS\lib\</path>
         <kind>archive</kind>
         <file>rts430_eabi.lib</file>
         <name>fltuld.c.obj</name>
      </input_file>
      <input_file id="fl-3f">
         <path>C:\ti\ccs930\ccs\tools\compiler\ti-cgt-msp430_18.12.4.LTS\lib\</path>
         <kind>archive</kind>
         <file>rts430_eabi.lib</file>
         <name>frcaddd.c.obj</name>
      </input_file>
      <input_file id="fl-40">
         <path>C:\ti\ccs930\ccs\tools\compiler\ti-cgt-msp430_18.12.4.LTS\lib\</path>
         <kind>archive</kind>
         <file>rts430_eabi.lib</file>
         <name>frcdivd.c.obj</name>
      </input_file>
      <input_file id="fl-41">
         <path>C:\ti\ccs930\ccs\tools\compiler\ti-cgt-msp430_18.12.4.LTS\lib\</path>
         <kind>archive</kind>
         <file>rts430_eabi.lib</file>
         <name>mpyd.c.obj</name>
      </input_file>
      <input_file id="fl-42">
         <path>C:\ti\ccs930\ccs\tools\compiler\ti-cgt-msp430_18.12.4.LTS\lib\</path>
         <kind>archive</kind>
         <file>rts430_eabi.lib</file>
         <name>renormd.c.obj</name>
      </input_file>
      <input_file id="fl-43">
         <path>C:\ti\ccs930\ccs\tools\compiler\ti-cgt-msp430_18.12.4.LTS\lib\</path>
         <kind>archive</kind>
         <file>rts430_eabi.lib</file>
         <name>subd.c.obj</name>
      </input_file>
      <input_file id="fl-44">
         <path>C:\ti\ccs930\ccs\tools\compiler\ti-cgt-msp430_18.12.4.LTS\lib\</path>
         <kind>archive</kind>
         <file>rts430_eabi.lib</file>
         <name>exit.c.obj</name>
      </input_file>
      <input_file id="fl-45">
         <path>C:\ti\ccs930\ccs\tools\compiler\ti-cgt-msp430_18.12.4.LTS\lib\</path>
         <kind>archive</kind>
         <file>rts430_eabi.lib</file>
         <name>_lock.c.obj</name>
      </input_file>
      <input_file id="fl-46">
         <path>C:\ti\ccs930\ccs\tools\compiler\ti-cgt-msp430_18.12.4.LTS\lib\</path>
         <kind>archive</kind>
         <file>rts430_eabi.lib</file>
         <name>args_main.c.obj</name>
      </input_file>
      <input_file id="fl-47">
         <path>C:\ti\ccs930\ccs\tools\compiler\ti-cgt-msp430_18.12.4.LTS\lib\</path>
         <kind>archive</kind>
         <file>rts430_eabi.lib</file>
         <name>memcpy.c.obj</name>
      </input_file>
      <input_file id="fl-48">
         <path>C:\ti\ccs930\ccs\tools\compiler\ti-cgt-msp430_18.12.4.LTS\lib\</path>
         <kind>archive</kind>
         <file>rts430_eabi.lib</file>
         <name>_printfi.c.obj</name>
      </input_file>
      <input_file id="fl-49">
         <path>C:\ti\ccs930\ccs\tools\compiler\ti-cgt-msp430_18.12.4.LTS\lib\</path>
         <kind>archive</kind>
         <file>rts430_eabi.lib</file>
         <name>s_frexp.c.obj</name>
      </input_file>
      <input_file id="fl-4a">
         <path>C:\ti\ccs930\ccs\tools\compiler\ti-cgt-msp430_18.12.4.LTS\lib\</path>
         <kind>archive</kind>
         <file>rts430_eabi.lib</file>
         <name>s_scalbn.c.obj</name>
      </input_file>
      <input_file id="fl-4b">
         <path>C:\ti\ccs930\ccs\tools\compiler\ti-cgt-msp430_18.12.4.LTS\lib\</path>
         <kind>archive</kind>
         <file>rts430_eabi.lib</file>
         <name>s_copysign.c.obj</name>
      </input_file>
      <input_file id="fl-4c">
         <path>C:\ti\ccs930\ccs\tools\compiler\ti-cgt-msp430_18.12.4.LTS\lib\</path>
         <kind>archive</kind>
         <file>rts430_eabi.lib</file>
         <name>wcslen.c.obj</name>
      </input_file>
      <input_file id="fl-4d">
         <path>C:\ti\ccs930\ccs\tools\compiler\ti-cgt-msp430_18.12.4.LTS\lib\</path>
         <kind>archive</kind>
         <file>rts430_eabi.lib</file>
         <name>asr16.asm.obj</name>
      </input_file>
      <input_file id="fl-4e">
         <path>C:\ti\ccs930\ccs\tools\compiler\ti-cgt-msp430_18.12.4.LTS\lib\</path>
         <kind>archive</kind>
         <file>rts430_eabi.lib</file>
         <name>asr32.asm.obj</name>
      </input_file>
      <input_file id="fl-4f">
         <path>C:\ti\ccs930\ccs\tools\compiler\ti-cgt-msp430_18.12.4.LTS\lib\</path>
         <kind>archive</kind>
         <file>rts430_eabi.lib</file>
         <name>div16u.asm.obj</name>
      </input_file>
      <input_file id="fl-50">
         <path>C:\ti\ccs930\ccs\tools\compiler\ti-cgt-msp430_18.12.4.LTS\lib\</path>
         <kind>archive</kind>
         <file>rts430_eabi.lib</file>
         <name>div32u.asm.obj</name>
      </input_file>
      <input_file id="fl-51">
         <path>C:\ti\ccs930\ccs\tools\compiler\ti-cgt-msp430_18.12.4.LTS\lib\</path>
         <kind>archive</kind>
         <file>rts430_eabi.lib</file>
         <name>lsl32.asm.obj</name>
      </input_file>
      <input_file id="fl-52">
         <path>C:\ti\ccs930\ccs\tools\compiler\ti-cgt-msp430_18.12.4.LTS\lib\</path>
         <kind>archive</kind>
         <file>rts430_eabi.lib</file>
         <name>lsr16.asm.obj</name>
      </input_file>
      <input_file id="fl-53">
         <path>C:\ti\ccs930\ccs\tools\compiler\ti-cgt-msp430_18.12.4.LTS\lib\</path>
         <kind>archive</kind>
         <file>rts430_eabi.lib</file>
         <name>lsr32.asm.obj</name>
      </input_file>
      <input_file id="fl-54">
         <path>C:\ti\ccs930\ccs\tools\compiler\ti-cgt-msp430_18.12.4.LTS\lib\</path>
         <kind>archive</kind>
         <file>rts430_eabi.lib</file>
         <name>mult32.asm.obj</name>
      </input_file>
      <input_file id="fl-55">
         <path>C:\ti\ccs930\ccs\tools\compiler\ti-cgt-msp430_18.12.4.LTS\lib\</path>
         <kind>archive</kind>
         <file>rts430_eabi.lib</file>
         <name>exit_gvars.c.obj</name>
      </input_file>
      <input_file id="fl-56">
         <path>C:\ti\ccs930\ccs\tools\compiler\ti-cgt-msp430_18.12.4.LTS\lib\</path>
         <kind>archive</kind>
         <file>rts430_eabi.lib</file>
         <name>lsr64.c.obj</name>
      </input_file>
      <input_file id="fl-57">
         <path>C:\ti\ccs930\ccs\tools\compiler\ti-cgt-msp430_18.12.4.LTS\lib\</path>
         <kind>archive</kind>
         <file>rts430_eabi.lib</file>
         <name>div64u.c.obj</name>
      </input_file>
      <input_file id="fl-58">
         <path>C:\ti\ccs930\ccs\tools\compiler\ti-cgt-msp430_18.12.4.LTS\lib\</path>
         <kind>archive</kind>
         <file>rts430_eabi.lib</file>
         <name>cmpd.c.obj</name>
      </input_file>
      <input_file id="fl-59">
         <path>C:\ti\ccs930\ccs\tools\compiler\ti-cgt-msp430_18.12.4.LTS\lib\</path>
         <kind>archive</kind>
         <file>rts430_eabi.lib</file>
         <name>fixdi.c.obj</name>
      </input_file>
      <input_file id="fl-5a">
         <path>C:\ti\ccs930\ccs\tools\compiler\ti-cgt-msp430_18.12.4.LTS\lib\</path>
         <kind>archive</kind>
         <file>rts430_eabi.lib</file>
         <name>fixdli.c.obj</name>
      </input_file>
      <input_file id="fl-5b">
         <path>C:\ti\ccs930\ccs\tools\compiler\ti-cgt-msp430_18.12.4.LTS\lib\</path>
         <kind>archive</kind>
         <file>rts430_eabi.lib</file>
         <name>fltid.c.obj</name>
      </input_file>
      <input_file id="fl-5c">
         <path>C:\ti\ccs930\ccs\tools\compiler\ti-cgt-msp430_18.12.4.LTS\lib\</path>
         <kind>archive</kind>
         <file>rts430_eabi.lib</file>
         <name>fltlid.c.obj</name>
      </input_file>
      <input_file id="fl-5d">
         <path>C:\ti\ccs930\ccs\tools\compiler\ti-cgt-msp430_18.12.4.LTS\lib\</path>
         <kind>archive</kind>
         <file>rts430_eabi.lib</file>
         <name>frcmpyd.c.obj</name>
      </input_file>
      <input_file id="fl-5e">
         <path>C:\ti\ccs930\ccs\tools\compiler\ti-cgt-msp430_18.12.4.LTS\lib\</path>
         <kind>archive</kind>
         <file>rts430_eabi.lib</file>
         <name>negd.c.obj</name>
      </input_file>
      <input_file id="fl-5f">
         <path>C:\ti\ccs930\ccs\tools\compiler\ti-cgt-msp430_18.12.4.LTS\lib\</path>
         <kind>archive</kind>
         <file>rts430_eabi.lib</file>
         <name>atoi.c.obj</name>
      </input_file>
      <input_file id="fl-60">
         <path>C:\ti\ccs930\ccs\tools\compiler\ti-cgt-msp430_18.12.4.LTS\lib\</path>
         <kind>archive</kind>
         <file>rts430_eabi.lib</file>
         <name>ctype.c.obj</name>
      </input_file>
      <input_file id="fl-61">
         <path>C:\ti\ccs930\ccs\tools\compiler\ti-cgt-msp430_18.12.4.LTS\lib\</path>
         <kind>archive</kind>
         <file>rts430_eabi.lib</file>
         <name>ltoa.c.obj</name>
      </input_file>
      <input_file id="fl-62">
         <path>C:\ti\ccs930\ccs\tools\compiler\ti-cgt-msp430_18.12.4.LTS\lib\</path>
         <kind>archive</kind>
         <file>rts430_eabi.lib</file>
         <name>memccpy.c.obj</name>
      </input_file>
      <input_file id="fl-63">
         <path>C:\ti\ccs930\ccs\tools\compiler\ti-cgt-msp430_18.12.4.LTS\lib\</path>
         <kind>archive</kind>
         <file>rts430_eabi.lib</file>
         <name>memset.c.obj</name>
      </input_file>
      <input_file id="fl-64">
         <path>C:\ti\ccs930\ccs\tools\compiler\ti-cgt-msp430_18.12.4.LTS\lib\</path>
         <kind>archive</kind>
         <file>rts430_eabi.lib</file>
         <name>strchr.c.obj</name>
      </input_file>
      <input_file id="fl-65">
         <path>C:\ti\ccs930\ccs\tools\compiler\ti-cgt-msp430_18.12.4.LTS\lib\</path>
         <kind>archive</kind>
         <file>rts430_eabi.lib</file>
         <name>strlen.c.obj</name>
      </input_file>
      <input_file id="fl-66">
         <path>C:\ti\ccs930\ccs\tools\compiler\ti-cgt-msp430_18.12.4.LTS\lib\</path>
         <kind>archive</kind>
         <file>rts430_eabi.lib</file>
         <name>toupper.c.obj</name>
      </input_file>
      <input_file id="fl-67">
         <path>C:\ti\ccs930\ccs\tools\compiler\ti-cgt-msp430_18.12.4.LTS\lib\</path>
         <kind>archive</kind>
         <file>rts430_eabi.lib</file>
         <name>abs.c.obj</name>
      </input_file>
      <input_file id="fl-68">
         <path>C:\ti\ccs930\ccs\tools\compiler\ti-cgt-msp430_18.12.4.LTS\lib\</path>
         <kind>archive</kind>
         <file>rts430_eabi.lib</file>
         <name>errno.c.obj</name>
      </input_file>
      <input_file id="fl-69">
         <path>C:\ti\ccs930\ccs\tools\compiler\ti-cgt-msp430_18.12.4.LTS\lib\</path>
         <kind>archive</kind>
         <file>rts430_eabi.lib</file>
         <name>div32s.asm.obj</name>
      </input_file>
      <input_file id="fl-6a">
         <path>C:\ti\ccs930\ccs\tools\compiler\ti-cgt-msp430_18.12.4.LTS\lib\</path>
         <kind>archive</kind>
         <file>rts430_eabi.lib</file>
         <name>lsl64.c.obj</name>
      </input_file>
   </input_file_list>
   <object_component_list>
      <object_component id="oc-27b">
         <name>.common:LCD_row</name>
         <uninitialized>true</uninitialized>
         <run_address>0x115b</run_address>
         <size>0x1</size>
      </object_component>
      <object_component id="oc-27e">
         <name>.common:LCD_col</name>
         <uninitialized>true</uninitialized>
         <run_address>0x115a</run_address>
         <size>0x1</size>
      </object_component>
      <object_component id="oc-2ab">
         <name>.common:n</name>
         <uninitialized>true</uninitialized>
         <run_address>0x115c</run_address>
         <size>0x1</size>
      </object_component>
      <object_component id="oc-194">
         <name>.common:BufTptr</name>
         <uninitialized>true</uninitialized>
         <run_address>0x1154</run_address>
         <size>0x2</size>
      </object_component>
      <object_component id="oc-191">
         <name>.common:BufRptr</name>
         <uninitialized>true</uninitialized>
         <run_address>0x1152</run_address>
         <size>0x2</size>
      </object_component>
      <object_component id="oc-372">
         <name>.common:wait_i</name>
         <uninitialized>true</uninitialized>
         <run_address>0x1156</run_address>
         <size>0x2</size>
      </object_component>
      <object_component id="oc-373">
         <name>.common:wait_j</name>
         <uninitialized>true</uninitialized>
         <run_address>0x1158</run_address>
         <size>0x2</size>
      </object_component>
      <object_component id="oc-1e3">
         <name>.common:msg_str</name>
         <uninitialized>true</uninitialized>
         <run_address>0x1142</run_address>
         <size>0x10</size>
      </object_component>
      <object_component id="oc-36b">
         <name>.data:LCD_table</name>
         <load_address>0x1100</load_address>
         <run_address>0x1100</run_address>
         <size>0x40</size>
         <input_file_ref idref="fl-5"/>
      </object_component>
      <object_component id="oc-400">
         <name>.data</name>
         <load_address>0x1140</load_address>
         <run_address>0x1140</run_address>
         <size>0x2</size>
         <input_file_ref idref="fl-68"/>
      </object_component>
      <object_component id="oc-f2">
         <name>.stack</name>
         <uninitialized>true</uninitialized>
         <run_address>0x370c</run_address>
         <size>0x2</size>
         <input_file_ref idref="fl-30"/>
      </object_component>
      <object_component id="oc-59a">
         <name>.stack</name>
         <uninitialized>true</uninitialized>
         <run_address>0x370c</run_address>
         <size>0x0</size>
      </object_component>
      <object_component id="oc-308">
         <name>.text:__TI_frcdivd</name>
         <load_address>0x4000</load_address>
         <run_address>0x4000</run_address>
         <size>0x478</size>
         <input_file_ref idref="fl-40"/>
      </object_component>
      <object_component id="oc-489">
         <name>.text:__mspabi_divull</name>
         <load_address>0x4478</load_address>
         <run_address>0x4478</run_address>
         <size>0x360</size>
         <input_file_ref idref="fl-57"/>
      </object_component>
      <object_component id="oc-26d">
         <name>.text:__mspabi_addd</name>
         <load_address>0x47d8</load_address>
         <run_address>0x47d8</run_address>
         <size>0x2fa</size>
         <input_file_ref idref="fl-3a"/>
      </object_component>
      <object_component id="oc-2a3">
         <name>.text:__TI_printfi</name>
         <load_address>0x4ad2</load_address>
         <run_address>0x4ad2</run_address>
         <size>0x288</size>
         <input_file_ref idref="fl-48"/>
      </object_component>
      <object_component id="oc-318">
         <name>.text:__TI_frcmpyd</name>
         <load_address>0x4d5a</load_address>
         <run_address>0x4d5a</run_address>
         <size>0x286</size>
         <input_file_ref idref="fl-5d"/>
      </object_component>
      <object_component id="oc-261">
         <name>.text:__mspabi_mpyd</name>
         <load_address>0x4fe0</load_address>
         <run_address>0x4fe0</run_address>
         <size>0x26e</size>
         <input_file_ref idref="fl-41"/>
      </object_component>
      <object_component id="oc-3ec">
         <name>.text:_pproc_fgea</name>
         <load_address>0x524e</load_address>
         <run_address>0x524e</run_address>
         <size>0x26e</size>
         <input_file_ref idref="fl-48"/>
      </object_component>
      <object_component id="oc-321">
         <name>.text:__TI_frcaddd</name>
         <load_address>0x54bc</load_address>
         <run_address>0x54bc</run_address>
         <size>0x260</size>
         <input_file_ref idref="fl-3f"/>
      </object_component>
      <object_component id="oc-34b">
         <name>.text:_setfield</name>
         <load_address>0x571c</load_address>
         <run_address>0x571c</run_address>
         <size>0x252</size>
         <input_file_ref idref="fl-48"/>
      </object_component>
      <object_component id="oc-4cf">
         <name>.text:acvt</name>
         <load_address>0x596e</load_address>
         <run_address>0x596e</run_address>
         <size>0x244</size>
         <input_file_ref idref="fl-48"/>
      </object_component>
      <object_component id="oc-258">
         <name>.text:__mspabi_divd</name>
         <load_address>0x5bb2</load_address>
         <run_address>0x5bb2</run_address>
         <size>0x238</size>
         <input_file_ref idref="fl-3c"/>
      </object_component>
      <object_component id="oc-437">
         <name>.text:_getarg_diouxp</name>
         <load_address>0x5dea</load_address>
         <run_address>0x5dea</run_address>
         <size>0x1ec</size>
         <input_file_ref idref="fl-48"/>
      </object_component>
      <object_component id="oc-4a8">
         <name>.text:ecvt</name>
         <load_address>0x5fd6</load_address>
         <run_address>0x5fd6</run_address>
         <size>0x1de</size>
         <input_file_ref idref="fl-48"/>
      </object_component>
      <object_component id="oc-4bb">
         <name>.text:fcvt</name>
         <load_address>0x61b4</load_address>
         <run_address>0x61b4</run_address>
         <size>0x1c4</size>
         <input_file_ref idref="fl-48"/>
      </object_component>
      <object_component id="oc-461">
         <name>.text:_pconv_e</name>
         <load_address>0x6378</load_address>
         <run_address>0x6378</run_address>
         <size>0x1a6</size>
         <input_file_ref idref="fl-48"/>
      </object_component>
      <object_component id="oc-467">
         <name>.text:_pconv_a</name>
         <load_address>0x651e</load_address>
         <run_address>0x651e</run_address>
         <size>0x174</size>
         <input_file_ref idref="fl-48"/>
      </object_component>
      <object_component id="oc-51e">
         <name>.text:scalbn</name>
         <load_address>0x6692</load_address>
         <run_address>0x6692</run_address>
         <size>0x16a</size>
         <input_file_ref idref="fl-4a"/>
      </object_component>
      <object_component id="oc-3e6">
         <name>.text:_pproc_diouxp</name>
         <load_address>0x67fc</load_address>
         <run_address>0x67fc</run_address>
         <size>0x14c</size>
         <input_file_ref idref="fl-48"/>
      </object_component>
      <object_component id="oc-43d">
         <name>.text:_ltostr</name>
         <load_address>0x6948</load_address>
         <run_address>0x6948</run_address>
         <size>0x12e</size>
         <input_file_ref idref="fl-48"/>
      </object_component>
      <object_component id="oc-455">
         <name>.text:_pconv_g</name>
         <load_address>0x6a76</load_address>
         <run_address>0x6a76</run_address>
         <size>0xf8</size>
         <input_file_ref idref="fl-48"/>
      </object_component>
      <object_component id="oc-1ca">
         <name>.text:HIH_get_hum</name>
         <load_address>0x6b6e</load_address>
         <run_address>0x6b6e</run_address>
         <size>0xea</size>
         <input_file_ref idref="fl-3"/>
      </object_component>
      <object_component id="oc-345">
         <name>.text:_pproc_fwp</name>
         <load_address>0x6c58</load_address>
         <run_address>0x6c58</run_address>
         <size>0xe0</size>
         <input_file_ref idref="fl-48"/>
      </object_component>
      <object_component id="oc-46d">
         <name>.text:__mspabi_cmpd</name>
         <load_address>0x6d38</load_address>
         <run_address>0x6d38</run_address>
         <size>0xdc</size>
         <input_file_ref idref="fl-58"/>
      </object_component>
      <object_component id="oc-1d0">
         <name>.text:INA_get_curr</name>
         <load_address>0x6e14</load_address>
         <run_address>0x6e14</run_address>
         <size>0xd0</size>
         <input_file_ref idref="fl-3"/>
      </object_component>
      <object_component id="oc-357">
         <name>.text:_pproc_wstr</name>
         <load_address>0x6ee4</load_address>
         <run_address>0x6ee4</run_address>
         <size>0xc4</size>
         <input_file_ref idref="fl-48"/>
      </object_component>
      <object_component id="oc-3c8">
         <name>.text:__TI_renormd</name>
         <load_address>0x6fa8</load_address>
         <run_address>0x6fa8</run_address>
         <size>0xbe</size>
         <input_file_ref idref="fl-42"/>
      </object_component>
      <object_component id="oc-4c9">
         <name>.text:frexp</name>
         <load_address>0x7066</load_address>
         <run_address>0x7066</run_address>
         <size>0xb0</size>
         <input_file_ref idref="fl-49"/>
      </object_component>
      <object_component id="oc-500">
         <name>.text:__mspabi_fltlid</name>
         <load_address>0x7116</load_address>
         <run_address>0x7116</run_address>
         <size>0xac</size>
         <input_file_ref idref="fl-5c"/>
      </object_component>
      <object_component id="oc-351">
         <name>.text:_pproc_str</name>
         <load_address>0x71c2</load_address>
         <run_address>0x71c2</run_address>
         <size>0xac</size>
         <input_file_ref idref="fl-48"/>
      </object_component>
      <object_component id="oc-332">
         <name>.text:LCD_WriteByte</name>
         <load_address>0x726e</load_address>
         <run_address>0x726e</run_address>
         <size>0x94</size>
         <input_file_ref idref="fl-5"/>
      </object_component>
      <object_component id="oc-4b4">
         <name>.text:_mcpy</name>
         <load_address>0x7302</load_address>
         <run_address>0x7302</run_address>
         <size>0x92</size>
         <input_file_ref idref="fl-48"/>
      </object_component>
      <object_component id="oc-4ae">
         <name>.text:_ecpy</name>
         <load_address>0x7394</load_address>
         <run_address>0x7394</run_address>
         <size>0x8e</size>
         <input_file_ref idref="fl-48"/>
      </object_component>
      <object_component id="oc-18a">
         <name>.text:print_meansurments</name>
         <load_address>0x7422</load_address>
         <run_address>0x7422</run_address>
         <size>0x8e</size>
         <input_file_ref idref="fl-7"/>
      </object_component>
      <object_component id="oc-273">
         <name>.text:__mspabi_cvtdf</name>
         <load_address>0x74b0</load_address>
         <run_address>0x74b0</run_address>
         <size>0x8c</size>
         <input_file_ref idref="fl-39"/>
      </object_component>
      <object_component id="oc-301">
         <name>.text:__mspabi_fltuld</name>
         <load_address>0x753c</load_address>
         <run_address>0x753c</run_address>
         <size>0x8a</size>
         <input_file_ref idref="fl-3e"/>
      </object_component>
      <object_component id="oc-4fa">
         <name>.text:ltoa</name>
         <load_address>0x75c6</load_address>
         <run_address>0x75c6</run_address>
         <size>0x84</size>
         <input_file_ref idref="fl-61"/>
      </object_component>
      <object_component id="oc-30">
         <name>.text:decompress:lzss:__TI_decompress_lzss</name>
         <load_address>0x764a</load_address>
         <run_address>0x764a</run_address>
         <size>0x7c</size>
         <input_file_ref idref="fl-38"/>
      </object_component>
      <object_component id="oc-45b">
         <name>.text:_pconv_f</name>
         <load_address>0x76c6</load_address>
         <run_address>0x76c6</run_address>
         <size>0x7a</size>
         <input_file_ref idref="fl-48"/>
      </object_component>
      <object_component id="oc-4f4">
         <name>.text:__mspabi_fixdli</name>
         <load_address>0x7740</load_address>
         <run_address>0x7740</run_address>
         <size>0x72</size>
         <input_file_ref idref="fl-5a"/>
      </object_component>
      <object_component id="oc-1dc">
         <name>.text:__mspabi_cvtfd</name>
         <load_address>0x77b2</load_address>
         <run_address>0x77b2</run_address>
         <size>0x70</size>
         <input_file_ref idref="fl-3b"/>
      </object_component>
      <object_component id="oc-129">
         <name>.text:I2C_ISR</name>
         <load_address>0x7822</load_address>
         <run_address>0x7822</run_address>
         <size>0x62</size>
         <input_file_ref idref="fl-2"/>
      </object_component>
      <object_component id="oc-1ea">
         <name>.text:LCD_message</name>
         <load_address>0x7884</load_address>
         <run_address>0x7884</run_address>
         <size>0x60</size>
         <input_file_ref idref="fl-5"/>
      </object_component>
      <object_component id="oc-3a3">
         <name>.text:l_lsr_const</name>
         <load_address>0x78e4</load_address>
         <run_address>0x78e4</run_address>
         <size>0x5c</size>
         <input_file_ref idref="fl-53"/>
      </object_component>
      <object_component id="oc-237">
         <name>.text:__TI_auto_init_nobinit_nopinit_hold_wdt:__TI_auto_init_nobinit_nopinit_hold_wdt</name>
         <load_address>0x7940</load_address>
         <run_address>0x7940</run_address>
         <size>0x58</size>
         <input_file_ref idref="fl-31"/>
      </object_component>
      <object_component id="oc-48f">
         <name>.text</name>
         <load_address>0x7998</load_address>
         <run_address>0x7998</run_address>
         <size>0x58</size>
         <input_file_ref idref="fl-50"/>
      </object_component>
      <object_component id="oc-3d8">
         <name>.text:atoi</name>
         <load_address>0x79f0</load_address>
         <run_address>0x79f0</run_address>
         <size>0x52</size>
         <input_file_ref idref="fl-5f"/>
      </object_component>
      <object_component id="oc-4c1">
         <name>.text:_fcpy</name>
         <load_address>0x7a42</load_address>
         <run_address>0x7a42</run_address>
         <size>0x4e</size>
         <input_file_ref idref="fl-48"/>
      </object_component>
      <object_component id="oc-fb">
         <name>.text</name>
         <load_address>0x7a90</load_address>
         <run_address>0x7a90</run_address>
         <size>0x4c</size>
         <input_file_ref idref="fl-52"/>
      </object_component>
      <object_component id="oc-20c">
         <name>.text:LCD_init</name>
         <load_address>0x7adc</load_address>
         <run_address>0x7adc</run_address>
         <size>0x46</size>
         <input_file_ref idref="fl-5"/>
      </object_component>
      <object_component id="oc-499">
         <name>.text:__mspabi_srlll</name>
         <load_address>0x7b22</load_address>
         <run_address>0x7b22</run_address>
         <size>0x46</size>
         <input_file_ref idref="fl-56"/>
      </object_component>
      <object_component id="oc-1d6">
         <name>.text:LCD_set_pos</name>
         <load_address>0x7b68</load_address>
         <run_address>0x7b68</run_address>
         <size>0x44</size>
         <input_file_ref idref="fl-5"/>
      </object_component>
      <object_component id="oc-4e2">
         <name>.text:__mspabi_sllll</name>
         <load_address>0x7bac</load_address>
         <run_address>0x7bac</run_address>
         <size>0x44</size>
         <input_file_ref idref="fl-6a"/>
      </object_component>
      <object_component id="oc-535">
         <name>.text</name>
         <load_address>0x7bf0</load_address>
         <run_address>0x7bf0</run_address>
         <size>0x40</size>
         <input_file_ref idref="fl-69"/>
      </object_component>
      <object_component id="oc-28b">
         <name>.text:l_asr_const</name>
         <load_address>0x7c30</load_address>
         <run_address>0x7c30</run_address>
         <size>0x3e</size>
         <input_file_ref idref="fl-4e"/>
      </object_component>
      <object_component id="oc-329">
         <name>.text:l_lsl_const</name>
         <load_address>0x7c6e</load_address>
         <run_address>0x7c6e</run_address>
         <size>0x3e</size>
         <input_file_ref idref="fl-51"/>
      </object_component>
      <object_component id="oc-1e4">
         <name>.text:sprintf</name>
         <load_address>0x7cac</load_address>
         <run_address>0x7cac</run_address>
         <size>0x38</size>
         <input_file_ref idref="fl-25"/>
      </object_component>
      <object_component id="oc-2c1">
         <name>.text:wait_1ms</name>
         <load_address>0x7ce4</load_address>
         <run_address>0x7ce4</run_address>
         <size>0x36</size>
         <input_file_ref idref="fl-9"/>
      </object_component>
      <object_component id="oc-1a5">
         <name>.text:main</name>
         <load_address>0x7d1a</load_address>
         <run_address>0x7d1a</run_address>
         <size>0x34</size>
         <input_file_ref idref="fl-7"/>
      </object_component>
      <object_component id="oc-200">
         <name>.text:Init_System_Clock</name>
         <load_address>0x7d4e</load_address>
         <run_address>0x7d4e</run_address>
         <size>0x30</size>
         <input_file_ref idref="fl-9"/>
      </object_component>
      <object_component id="oc-267">
         <name>.text:__mspabi_subd</name>
         <load_address>0x7d7e</load_address>
         <run_address>0x7d7e</run_address>
         <size>0x2e</size>
         <input_file_ref idref="fl-43"/>
      </object_component>
      <object_component id="oc-547">
         <name>.text:copysign</name>
         <load_address>0x7dac</load_address>
         <run_address>0x7dac</run_address>
         <size>0x2e</size>
         <input_file_ref idref="fl-4b"/>
      </object_component>
      <object_component id="oc-3aa">
         <name>.text</name>
         <load_address>0x7dda</load_address>
         <run_address>0x7dda</run_address>
         <size>0x2e</size>
         <input_file_ref idref="fl-2d"/>
      </object_component>
      <object_component id="oc-286">
         <name>.text</name>
         <load_address>0x7e08</load_address>
         <run_address>0x7e08</run_address>
         <size>0x2c</size>
         <input_file_ref idref="fl-4d"/>
      </object_component>
      <object_component id="oc-f6">
         <name>.text</name>
         <load_address>0x7e34</load_address>
         <run_address>0x7e34</run_address>
         <size>0x2c</size>
         <input_file_ref idref="fl-29"/>
      </object_component>
      <object_component id="oc-44f">
         <name>.text:__mspabi_negd</name>
         <load_address>0x7e60</load_address>
         <run_address>0x7e60</run_address>
         <size>0x2a</size>
         <input_file_ref idref="fl-5e"/>
      </object_component>
      <object_component id="oc-506">
         <name>.text:__mspabi_fixdi</name>
         <load_address>0x7e8a</load_address>
         <run_address>0x7e8a</run_address>
         <size>0x28</size>
         <input_file_ref idref="fl-59"/>
      </object_component>
      <object_component id="oc-123">
         <name>.text:timerA_interupt</name>
         <load_address>0x7eb2</load_address>
         <run_address>0x7eb2</run_address>
         <size>0x1e</size>
         <input_file_ref idref="fl-7"/>
      </object_component>
      <object_component id="oc-2ac">
         <name>.text:LCD_recode</name>
         <load_address>0x7ed0</load_address>
         <run_address>0x7ed0</run_address>
         <size>0x1c</size>
         <input_file_ref idref="fl-5"/>
      </object_component>
      <object_component id="oc-146">
         <name>.text:_c_int00_noargs</name>
         <load_address>0x7eec</load_address>
         <run_address>0x7eec</run_address>
         <size>0x1c</size>
         <input_file_ref idref="fl-30"/>
      </object_component>
      <object_component id="oc-297">
         <name>.text:_outs</name>
         <load_address>0x7f08</load_address>
         <run_address>0x7f08</run_address>
         <size>0x1a</size>
         <input_file_ref idref="fl-25"/>
      </object_component>
      <object_component id="oc-3f2">
         <name>.text:memccpy</name>
         <load_address>0x7f22</load_address>
         <run_address>0x7f22</run_address>
         <size>0x1a</size>
         <input_file_ref idref="fl-62"/>
      </object_component>
      <object_component id="oc-524">
         <name>.text:strchr</name>
         <load_address>0x7f3c</load_address>
         <run_address>0x7f3c</run_address>
         <size>0x1a</size>
         <input_file_ref idref="fl-64"/>
      </object_component>
      <object_component id="oc-494">
         <name>.text</name>
         <load_address>0x7f56</load_address>
         <run_address>0x7f56</run_address>
         <size>0x16</size>
         <input_file_ref idref="fl-4f"/>
      </object_component>
      <object_component id="oc-134">
         <name>.text:decompress:ZI:__TI_zero_init_nomemset:__TI_zero_init_nomemset</name>
         <load_address>0x7f6c</load_address>
         <run_address>0x7f6c</run_address>
         <size>0x14</size>
         <input_file_ref idref="fl-32"/>
      </object_component>
      <object_component id="oc-3df">
         <name>.text:memset</name>
         <load_address>0x7f80</load_address>
         <run_address>0x7f80</run_address>
         <size>0x14</size>
         <input_file_ref idref="fl-63"/>
      </object_component>
      <object_component id="oc-397">
         <name>.text</name>
         <load_address>0x7f94</load_address>
         <run_address>0x7f94</run_address>
         <size>0x14</size>
         <input_file_ref idref="fl-2b"/>
      </object_component>
      <object_component id="oc-3fa">
         <name>.text:wcslen</name>
         <load_address>0x7fa8</load_address>
         <run_address>0x7fa8</run_address>
         <size>0x14</size>
         <input_file_ref idref="fl-4c"/>
      </object_component>
      <object_component id="oc-29d">
         <name>.text:_outc</name>
         <load_address>0x7fbc</load_address>
         <run_address>0x7fbc</run_address>
         <size>0x12</size>
         <input_file_ref idref="fl-25"/>
      </object_component>
      <object_component id="oc-36">
         <name>.text:decompress:none:__TI_decompress_none</name>
         <load_address>0x7fce</load_address>
         <run_address>0x7fce</run_address>
         <size>0x12</size>
         <input_file_ref idref="fl-37"/>
      </object_component>
      <object_component id="oc-3be">
         <name>.text:l_lsr</name>
         <load_address>0x7fe0</load_address>
         <run_address>0x7fe0</run_address>
         <size>0x12</size>
         <input_file_ref idref="fl-53"/>
      </object_component>
      <object_component id="oc-110">
         <name>.text:memcpy</name>
         <load_address>0x7ff2</load_address>
         <run_address>0x7ff2</run_address>
         <size>0x12</size>
         <input_file_ref idref="fl-47"/>
      </object_component>
      <object_component id="oc-27f">
         <name>.text:LCD_WriteCommand</name>
         <load_address>0x8004</load_address>
         <run_address>0x8004</run_address>
         <size>0x10</size>
         <input_file_ref idref="fl-5"/>
      </object_component>
      <object_component id="oc-2b2">
         <name>.text:LCD_WriteData</name>
         <load_address>0x8014</load_address>
         <run_address>0x8014</run_address>
         <size>0x10</size>
         <input_file_ref idref="fl-5"/>
      </object_component>
      <object_component id="oc-2c7">
         <name>.text:LCD_clear</name>
         <load_address>0x8024</load_address>
         <run_address>0x8024</run_address>
         <size>0x10</size>
         <input_file_ref idref="fl-5"/>
      </object_component>
      <object_component id="oc-3c3">
         <name>.text:l_asr</name>
         <load_address>0x8034</load_address>
         <run_address>0x8034</run_address>
         <size>0x10</size>
         <input_file_ref idref="fl-4e"/>
      </object_component>
      <object_component id="oc-3b9">
         <name>.text:l_lsl</name>
         <load_address>0x8044</load_address>
         <run_address>0x8044</run_address>
         <size>0x10</size>
         <input_file_ref idref="fl-51"/>
      </object_component>
      <object_component id="oc-100">
         <name>.text</name>
         <load_address>0x8054</load_address>
         <run_address>0x8054</run_address>
         <size>0x10</size>
         <input_file_ref idref="fl-26"/>
      </object_component>
      <object_component id="oc-33f">
         <name>.text:strlen</name>
         <load_address>0x8064</load_address>
         <run_address>0x8064</run_address>
         <size>0xe</size>
         <input_file_ref idref="fl-65"/>
      </object_component>
      <object_component id="oc-206">
         <name>.text:Init_System</name>
         <load_address>0x8072</load_address>
         <run_address>0x8072</run_address>
         <size>0xc</size>
         <input_file_ref idref="fl-9"/>
      </object_component>
      <object_component id="oc-52a">
         <name>.text:__mspabi_fltid</name>
         <load_address>0x807e</load_address>
         <run_address>0x807e</run_address>
         <size>0xc</size>
         <input_file_ref idref="fl-5b"/>
      </object_component>
      <object_component id="oc-449">
         <name>.text:toupper</name>
         <load_address>0x808a</load_address>
         <run_address>0x808a</run_address>
         <size>0xc</size>
         <input_file_ref idref="fl-66"/>
      </object_component>
      <object_component id="oc-50d">
         <name>.text:abs</name>
         <load_address>0x8096</load_address>
         <run_address>0x8096</run_address>
         <size>0xa</size>
         <input_file_ref idref="fl-67"/>
      </object_component>
      <object_component id="oc-12f">
         <name>.text:_isr:__TI_ISR_TRAP</name>
         <load_address>0x80a0</load_address>
         <run_address>0x80a0</run_address>
         <size>0x8</size>
         <input_file_ref idref="fl-28"/>
      </object_component>
      <object_component id="oc-11d">
         <name>.text:ISR_trap</name>
         <load_address>0x80a8</load_address>
         <run_address>0x80a8</run_address>
         <size>0x6</size>
         <input_file_ref idref="fl-8"/>
      </object_component>
      <object_component id="oc-252">
         <name>.text:__mspabi_fltud</name>
         <load_address>0x80ae</load_address>
         <run_address>0x80ae</run_address>
         <size>0x6</size>
         <input_file_ref idref="fl-3d"/>
      </object_component>
      <object_component id="oc-213">
         <name>.text:abort</name>
         <load_address>0x80b4</load_address>
         <run_address>0x80b4</run_address>
         <size>0x6</size>
         <input_file_ref idref="fl-44"/>
      </object_component>
      <object_component id="oc-19f">
         <name>.text:_system_pre_init</name>
         <load_address>0x80ba</load_address>
         <run_address>0x80ba</run_address>
         <size>0x4</size>
         <input_file_ref idref="fl-35"/>
      </object_component>
      <object_component id="oc-2e0">
         <name>.text:_system_post_cinit</name>
         <load_address>0x80be</load_address>
         <run_address>0x80be</run_address>
         <size>0x2</size>
         <input_file_ref idref="fl-36"/>
      </object_component>
      <object_component id="oc-599">
         <name>.cinit..data.load</name>
         <load_address>0x825c</load_address>
         <run_address>0x825c</run_address>
         <size>0x46</size>
      </object_component>
      <object_component id="oc-596">
         <name>__TI_handler_table</name>
         <load_address>0x82a2</load_address>
         <run_address>0x82a2</run_address>
         <size>0x6</size>
      </object_component>
      <object_component id="oc-598">
         <name>.cinit..bss.load</name>
         <load_address>0x82a8</load_address>
         <run_address>0x82a8</run_address>
         <size>0x4</size>
      </object_component>
      <object_component id="oc-597">
         <name>__TI_cinit_table</name>
         <load_address>0x82ac</load_address>
         <run_address>0x82ac</run_address>
         <size>0x8</size>
      </object_component>
      <object_component id="oc-430">
         <name>.const:.string:_ctypes_</name>
         <load_address>0x80c0</load_address>
         <run_address>0x80c0</run_address>
         <size>0x101</size>
         <input_file_ref idref="fl-60"/>
      </object_component>
      <object_component id="oc-1e2">
         <name>.const:.string</name>
         <load_address>0x81c2</load_address>
         <run_address>0x81c2</run_address>
         <size>0x5c</size>
         <input_file_ref idref="fl-7"/>
      </object_component>
      <object_component id="oc-3e5">
         <name>.const:.string</name>
         <load_address>0x821e</load_address>
         <run_address>0x821e</run_address>
         <size>0x26</size>
         <input_file_ref idref="fl-48"/>
      </object_component>
      <object_component id="oc-25e">
         <name>.const</name>
         <load_address>0x8244</load_address>
         <run_address>0x8244</run_address>
         <size>0x18</size>
         <input_file_ref idref="fl-3"/>
      </object_component>
      <object_component id="oc-3c">
         <name>.int00</name>
         <load_address>0xffe0</load_address>
         <run_address>0xffe0</run_address>
         <size>0x2</size>
         <input_file_ref idref="fl-8"/>
      </object_component>
      <object_component id="oc-3d">
         <name>.int01</name>
         <load_address>0xffe2</load_address>
         <run_address>0xffe2</run_address>
         <size>0x2</size>
         <input_file_ref idref="fl-8"/>
      </object_component>
      <object_component id="oc-3e">
         <name>.int02</name>
         <load_address>0xffe4</load_address>
         <run_address>0xffe4</run_address>
         <size>0x2</size>
         <input_file_ref idref="fl-8"/>
      </object_component>
      <object_component id="oc-3f">
         <name>.int03</name>
         <load_address>0xffe6</load_address>
         <run_address>0xffe6</run_address>
         <size>0x2</size>
         <input_file_ref idref="fl-8"/>
      </object_component>
      <object_component id="oc-40">
         <name>.int04</name>
         <load_address>0xffe8</load_address>
         <run_address>0xffe8</run_address>
         <size>0x2</size>
         <input_file_ref idref="fl-8"/>
      </object_component>
      <object_component id="oc-41">
         <name>.int05</name>
         <load_address>0xffea</load_address>
         <run_address>0xffea</run_address>
         <size>0x2</size>
         <input_file_ref idref="fl-8"/>
      </object_component>
      <object_component id="oc-42">
         <name>.int06</name>
         <load_address>0xffec</load_address>
         <run_address>0xffec</run_address>
         <size>0x2</size>
         <input_file_ref idref="fl-7"/>
      </object_component>
      <object_component id="oc-43">
         <name>.int07</name>
         <load_address>0xffee</load_address>
         <run_address>0xffee</run_address>
         <size>0x2</size>
         <input_file_ref idref="fl-8"/>
      </object_component>
      <object_component id="oc-44">
         <name>.int08</name>
         <load_address>0xfff0</load_address>
         <run_address>0xfff0</run_address>
         <size>0x2</size>
         <input_file_ref idref="fl-2"/>
      </object_component>
      <object_component id="oc-45">
         <name>.int09</name>
         <load_address>0xfff2</load_address>
         <run_address>0xfff2</run_address>
         <size>0x2</size>
         <input_file_ref idref="fl-27"/>
      </object_component>
      <object_component id="oc-46">
         <name>.int10</name>
         <load_address>0xfff4</load_address>
         <run_address>0xfff4</run_address>
         <size>0x2</size>
         <input_file_ref idref="fl-8"/>
      </object_component>
      <object_component id="oc-47">
         <name>.int11</name>
         <load_address>0xfff6</load_address>
         <run_address>0xfff6</run_address>
         <size>0x2</size>
         <input_file_ref idref="fl-8"/>
      </object_component>
      <object_component id="oc-48">
         <name>.int12</name>
         <load_address>0xfff8</load_address>
         <run_address>0xfff8</run_address>
         <size>0x2</size>
         <input_file_ref idref="fl-8"/>
      </object_component>
      <object_component id="oc-49">
         <name>.int13</name>
         <load_address>0xfffa</load_address>
         <run_address>0xfffa</run_address>
         <size>0x2</size>
         <input_file_ref idref="fl-8"/>
      </object_component>
      <object_component id="oc-4a">
         <name>.int14</name>
         <load_address>0xfffc</load_address>
         <run_address>0xfffc</run_address>
         <size>0x2</size>
         <input_file_ref idref="fl-8"/>
      </object_component>
      <object_component id="oc-f5">
         <name>.reset</name>
         <load_address>0xfffe</load_address>
         <run_address>0xfffe</run_address>
         <size>0x2</size>
         <input_file_ref idref="fl-30"/>
      </object_component>
      <object_component id="oc-12c">
         <name>.debug_info</name>
         <load_address>0x0</load_address>
         <run_address>0x0</run_address>
         <size>0xf8</size>
         <input_file_ref idref="fl-2"/>
      </object_component>
      <object_component id="oc-10b">
         <name>.debug_info</name>
         <load_address>0xf8</load_address>
         <run_address>0xf8</run_address>
         <size>0x84</size>
         <input_file_ref idref="fl-2"/>
      </object_component>
      <object_component id="oc-1f3">
         <name>.debug_info</name>
         <load_address>0x17c</load_address>
         <run_address>0x17c</run_address>
         <size>0x39</size>
         <input_file_ref idref="fl-2"/>
      </object_component>
      <object_component id="oc-317">
         <name>.debug_info</name>
         <load_address>0x1b5</load_address>
         <run_address>0x1b5</run_address>
         <size>0x22d</size>
         <input_file_ref idref="fl-3"/>
      </object_component>
      <object_component id="oc-25f">
         <name>.debug_info</name>
         <load_address>0x3e2</load_address>
         <run_address>0x3e2</run_address>
         <size>0x18c</size>
         <input_file_ref idref="fl-3"/>
      </object_component>
      <object_component id="oc-1cd">
         <name>.debug_info</name>
         <load_address>0x56e</load_address>
         <run_address>0x56e</run_address>
         <size>0x225</size>
         <input_file_ref idref="fl-3"/>
      </object_component>
      <object_component id="oc-1d2">
         <name>.debug_info</name>
         <load_address>0x793</load_address>
         <run_address>0x793</run_address>
         <size>0x1d9</size>
         <input_file_ref idref="fl-3"/>
      </object_component>
      <object_component id="oc-27c">
         <name>.debug_info</name>
         <load_address>0x96c</load_address>
         <run_address>0x96c</run_address>
         <size>0x23b</size>
         <input_file_ref idref="fl-5"/>
      </object_component>
      <object_component id="oc-36c">
         <name>.debug_info</name>
         <load_address>0xba7</load_address>
         <run_address>0xba7</run_address>
         <size>0xd3</size>
         <input_file_ref idref="fl-5"/>
      </object_component>
      <object_component id="oc-20f">
         <name>.debug_info</name>
         <load_address>0xc7a</load_address>
         <run_address>0xc7a</run_address>
         <size>0x192</size>
         <input_file_ref idref="fl-5"/>
      </object_component>
      <object_component id="oc-1eb">
         <name>.debug_info</name>
         <load_address>0xe0c</load_address>
         <run_address>0xe0c</run_address>
         <size>0x167</size>
         <input_file_ref idref="fl-5"/>
      </object_component>
      <object_component id="oc-2c8">
         <name>.debug_info</name>
         <load_address>0xf73</load_address>
         <run_address>0xf73</run_address>
         <size>0x112</size>
         <input_file_ref idref="fl-5"/>
      </object_component>
      <object_component id="oc-1d7">
         <name>.debug_info</name>
         <load_address>0x1085</load_address>
         <run_address>0x1085</run_address>
         <size>0x16a</size>
         <input_file_ref idref="fl-5"/>
      </object_component>
      <object_component id="oc-282">
         <name>.debug_info</name>
         <load_address>0x11ef</load_address>
         <run_address>0x11ef</run_address>
         <size>0x140</size>
         <input_file_ref idref="fl-5"/>
      </object_component>
      <object_component id="oc-2b5">
         <name>.debug_info</name>
         <load_address>0x132f</load_address>
         <run_address>0x132f</run_address>
         <size>0x13a</size>
         <input_file_ref idref="fl-5"/>
      </object_component>
      <object_component id="oc-335">
         <name>.debug_info</name>
         <load_address>0x1469</load_address>
         <run_address>0x1469</run_address>
         <size>0x149</size>
         <input_file_ref idref="fl-5"/>
      </object_component>
      <object_component id="oc-2ae">
         <name>.debug_info</name>
         <load_address>0x15b2</load_address>
         <run_address>0x15b2</run_address>
         <size>0x118</size>
         <input_file_ref idref="fl-5"/>
      </object_component>
      <object_component id="oc-192">
         <name>.debug_info</name>
         <load_address>0x16ca</load_address>
         <run_address>0x16ca</run_address>
         <size>0x3fe</size>
         <input_file_ref idref="fl-7"/>
      </object_component>
      <object_component id="oc-18c">
         <name>.debug_info</name>
         <load_address>0x1ac8</load_address>
         <run_address>0x1ac8</run_address>
         <size>0x1d1</size>
         <input_file_ref idref="fl-7"/>
      </object_component>
      <object_component id="oc-1a6">
         <name>.debug_info</name>
         <load_address>0x1c99</load_address>
         <run_address>0x1c99</run_address>
         <size>0x152</size>
         <input_file_ref idref="fl-7"/>
      </object_component>
      <object_component id="oc-124">
         <name>.debug_info</name>
         <load_address>0x1deb</load_address>
         <run_address>0x1deb</run_address>
         <size>0x124</size>
         <input_file_ref idref="fl-7"/>
      </object_component>
      <object_component id="oc-1f8">
         <name>.debug_info</name>
         <load_address>0x1f0f</load_address>
         <run_address>0x1f0f</run_address>
         <size>0x26b</size>
         <input_file_ref idref="fl-7"/>
      </object_component>
      <object_component id="oc-2b9">
         <name>.debug_info</name>
         <load_address>0x217a</load_address>
         <run_address>0x217a</run_address>
         <size>0x275</size>
         <input_file_ref idref="fl-7"/>
      </object_component>
      <object_component id="oc-35f">
         <name>.debug_info</name>
         <load_address>0x23ef</load_address>
         <run_address>0x23ef</run_address>
         <size>0x2c</size>
         <input_file_ref idref="fl-7"/>
      </object_component>
      <object_component id="oc-11f">
         <name>.debug_info</name>
         <load_address>0x241b</load_address>
         <run_address>0x241b</run_address>
         <size>0x172</size>
         <input_file_ref idref="fl-8"/>
      </object_component>
      <object_component id="oc-2bf">
         <name>.debug_info</name>
         <load_address>0x258d</load_address>
         <run_address>0x258d</run_address>
         <size>0x1d8</size>
         <input_file_ref idref="fl-9"/>
      </object_component>
      <object_component id="oc-208">
         <name>.debug_info</name>
         <load_address>0x2765</load_address>
         <run_address>0x2765</run_address>
         <size>0x10b</size>
         <input_file_ref idref="fl-9"/>
      </object_component>
      <object_component id="oc-203">
         <name>.debug_info</name>
         <load_address>0x2870</load_address>
         <run_address>0x2870</run_address>
         <size>0x123</size>
         <input_file_ref idref="fl-9"/>
      </object_component>
      <object_component id="oc-2c3">
         <name>.debug_info</name>
         <load_address>0x2993</load_address>
         <run_address>0x2993</run_address>
         <size>0x124</size>
         <input_file_ref idref="fl-9"/>
      </object_component>
      <object_component id="oc-2aa">
         <name>.debug_info</name>
         <load_address>0x2ab7</load_address>
         <run_address>0x2ab7</run_address>
         <size>0x20a</size>
         <input_file_ref idref="fl-25"/>
      </object_component>
      <object_component id="oc-1e7">
         <name>.debug_info</name>
         <load_address>0x2cc1</load_address>
         <run_address>0x2cc1</run_address>
         <size>0x1c1</size>
         <input_file_ref idref="fl-25"/>
      </object_component>
      <object_component id="oc-29a">
         <name>.debug_info</name>
         <load_address>0x2e82</load_address>
         <run_address>0x2e82</run_address>
         <size>0x197</size>
         <input_file_ref idref="fl-25"/>
      </object_component>
      <object_component id="oc-2a0">
         <name>.debug_info</name>
         <load_address>0x3019</load_address>
         <run_address>0x3019</run_address>
         <size>0x16c</size>
         <input_file_ref idref="fl-25"/>
      </object_component>
      <object_component id="oc-406">
         <name>.debug_info</name>
         <load_address>0x3185</load_address>
         <run_address>0x3185</run_address>
         <size>0x2c</size>
         <input_file_ref idref="fl-25"/>
      </object_component>
      <object_component id="oc-101">
         <name>.debug_info</name>
         <load_address>0x31b1</load_address>
         <run_address>0x31b1</run_address>
         <size>0x12d</size>
         <input_file_ref idref="fl-26"/>
      </object_component>
      <object_component id="oc-130">
         <name>.debug_info</name>
         <load_address>0x32de</load_address>
         <run_address>0x32de</run_address>
         <size>0x10e</size>
         <input_file_ref idref="fl-28"/>
      </object_component>
      <object_component id="oc-f8">
         <name>.debug_info</name>
         <load_address>0x33ec</load_address>
         <run_address>0x33ec</run_address>
         <size>0x11f</size>
         <input_file_ref idref="fl-29"/>
      </object_component>
      <object_component id="oc-398">
         <name>.debug_info</name>
         <load_address>0x350b</load_address>
         <run_address>0x350b</run_address>
         <size>0x11e</size>
         <input_file_ref idref="fl-2b"/>
      </object_component>
      <object_component id="oc-3ad">
         <name>.debug_info</name>
         <load_address>0x3629</load_address>
         <run_address>0x3629</run_address>
         <size>0x11e</size>
         <input_file_ref idref="fl-2d"/>
      </object_component>
      <object_component id="oc-f3">
         <name>.debug_info</name>
         <load_address>0x3747</load_address>
         <run_address>0x3747</run_address>
         <size>0xff</size>
         <input_file_ref idref="fl-30"/>
      </object_component>
      <object_component id="oc-14a">
         <name>.debug_info</name>
         <load_address>0x3846</load_address>
         <run_address>0x3846</run_address>
         <size>0x179</size>
         <input_file_ref idref="fl-30"/>
      </object_component>
      <object_component id="oc-2e7">
         <name>.debug_info</name>
         <load_address>0x39bf</load_address>
         <run_address>0x39bf</run_address>
         <size>0x3dd</size>
         <input_file_ref idref="fl-31"/>
      </object_component>
      <object_component id="oc-239">
         <name>.debug_info</name>
         <load_address>0x3d9c</load_address>
         <run_address>0x3d9c</run_address>
         <size>0x210</size>
         <input_file_ref idref="fl-31"/>
      </object_component>
      <object_component id="oc-38d">
         <name>.debug_info</name>
         <load_address>0x3fac</load_address>
         <run_address>0x3fac</run_address>
         <size>0x39</size>
         <input_file_ref idref="fl-31"/>
      </object_component>
      <object_component id="oc-39e">
         <name>.debug_info</name>
         <load_address>0x3fe5</load_address>
         <run_address>0x3fe5</run_address>
         <size>0x2c</size>
         <input_file_ref idref="fl-31"/>
      </object_component>
      <object_component id="oc-2f2">
         <name>.debug_info</name>
         <load_address>0x4011</load_address>
         <run_address>0x4011</run_address>
         <size>0x2c</size>
         <input_file_ref idref="fl-31"/>
      </object_component>
      <object_component id="oc-392">
         <name>.debug_info</name>
         <load_address>0x403d</load_address>
         <run_address>0x403d</run_address>
         <size>0xcd</size>
         <input_file_ref idref="fl-31"/>
      </object_component>
      <object_component id="oc-19d">
         <name>.debug_info</name>
         <load_address>0x410a</load_address>
         <run_address>0x410a</run_address>
         <size>0x174</size>
         <input_file_ref idref="fl-32"/>
      </object_component>
      <object_component id="oc-135">
         <name>.debug_info</name>
         <load_address>0x427e</load_address>
         <run_address>0x427e</run_address>
         <size>0x1d1</size>
         <input_file_ref idref="fl-32"/>
      </object_component>
      <object_component id="oc-198">
         <name>.debug_info</name>
         <load_address>0x444f</load_address>
         <run_address>0x444f</run_address>
         <size>0x46</size>
         <input_file_ref idref="fl-32"/>
      </object_component>
      <object_component id="oc-17d">
         <name>.debug_info</name>
         <load_address>0x4495</load_address>
         <run_address>0x4495</run_address>
         <size>0x2c</size>
         <input_file_ref idref="fl-32"/>
      </object_component>
      <object_component id="oc-1a2">
         <name>.debug_info</name>
         <load_address>0x44c1</load_address>
         <run_address>0x44c1</run_address>
         <size>0x152</size>
         <input_file_ref idref="fl-35"/>
      </object_component>
      <object_component id="oc-2e1">
         <name>.debug_info</name>
         <load_address>0x4613</load_address>
         <run_address>0x4613</run_address>
         <size>0x14f</size>
         <input_file_ref idref="fl-36"/>
      </object_component>
      <object_component id="oc-11c">
         <name>.debug_info</name>
         <load_address>0x4762</load_address>
         <run_address>0x4762</run_address>
         <size>0x17f</size>
         <input_file_ref idref="fl-37"/>
      </object_component>
      <object_component id="oc-37">
         <name>.debug_info</name>
         <load_address>0x48e1</load_address>
         <run_address>0x48e1</run_address>
         <size>0x1e9</size>
         <input_file_ref idref="fl-37"/>
      </object_component>
      <object_component id="oc-117">
         <name>.debug_info</name>
         <load_address>0x4aca</load_address>
         <run_address>0x4aca</run_address>
         <size>0x46</size>
         <input_file_ref idref="fl-37"/>
      </object_component>
      <object_component id="oc-182">
         <name>.debug_info</name>
         <load_address>0x4b10</load_address>
         <run_address>0x4b10</run_address>
         <size>0x2c</size>
         <input_file_ref idref="fl-37"/>
      </object_component>
      <object_component id="oc-17a">
         <name>.debug_info</name>
         <load_address>0x4b3c</load_address>
         <run_address>0x4b3c</run_address>
         <size>0x175</size>
         <input_file_ref idref="fl-38"/>
      </object_component>
      <object_component id="oc-33">
         <name>.debug_info</name>
         <load_address>0x4cb1</load_address>
         <run_address>0x4cb1</run_address>
         <size>0x291</size>
         <input_file_ref idref="fl-38"/>
      </object_component>
      <object_component id="oc-106">
         <name>.debug_info</name>
         <load_address>0x4f42</load_address>
         <run_address>0x4f42</run_address>
         <size>0x60</size>
         <input_file_ref idref="fl-38"/>
      </object_component>
      <object_component id="oc-1c1">
         <name>.debug_info</name>
         <load_address>0x4fa2</load_address>
         <run_address>0x4fa2</run_address>
         <size>0x46</size>
         <input_file_ref idref="fl-38"/>
      </object_component>
      <object_component id="oc-175">
         <name>.debug_info</name>
         <load_address>0x4fe8</load_address>
         <run_address>0x4fe8</run_address>
         <size>0x39</size>
         <input_file_ref idref="fl-38"/>
      </object_component>
      <object_component id="oc-32f">
         <name>.debug_info</name>
         <load_address>0x5021</load_address>
         <run_address>0x5021</run_address>
         <size>0x164</size>
         <input_file_ref idref="fl-39"/>
      </object_component>
      <object_component id="oc-276">
         <name>.debug_info</name>
         <load_address>0x5185</load_address>
         <run_address>0x5185</run_address>
         <size>0x1d7</size>
         <input_file_ref idref="fl-39"/>
      </object_component>
      <object_component id="oc-292">
         <name>.debug_info</name>
         <load_address>0x535c</load_address>
         <run_address>0x535c</run_address>
         <size>0xdb</size>
         <input_file_ref idref="fl-39"/>
      </object_component>
      <object_component id="oc-328">
         <name>.debug_info</name>
         <load_address>0x5437</load_address>
         <run_address>0x5437</run_address>
         <size>0x1a6</size>
         <input_file_ref idref="fl-3a"/>
      </object_component>
      <object_component id="oc-26e">
         <name>.debug_info</name>
         <load_address>0x55dd</load_address>
         <run_address>0x55dd</run_address>
         <size>0x256</size>
         <input_file_ref idref="fl-3a"/>
      </object_component>
      <object_component id="oc-30f">
         <name>.debug_info</name>
         <load_address>0x5833</load_address>
         <run_address>0x5833</run_address>
         <size>0x94</size>
         <input_file_ref idref="fl-3a"/>
      </object_component>
      <object_component id="oc-291">
         <name>.debug_info</name>
         <load_address>0x58c7</load_address>
         <run_address>0x58c7</run_address>
         <size>0x164</size>
         <input_file_ref idref="fl-3b"/>
      </object_component>
      <object_component id="oc-1dd">
         <name>.debug_info</name>
         <load_address>0x5a2b</load_address>
         <run_address>0x5a2b</run_address>
         <size>0x1d3</size>
         <input_file_ref idref="fl-3b"/>
      </object_component>
      <object_component id="oc-314">
         <name>.debug_info</name>
         <load_address>0x5bfe</load_address>
         <run_address>0x5bfe</run_address>
         <size>0x1a1</size>
         <input_file_ref idref="fl-3c"/>
      </object_component>
      <object_component id="oc-259">
         <name>.debug_info</name>
         <load_address>0x5d9f</load_address>
         <run_address>0x5d9f</run_address>
         <size>0x289</size>
         <input_file_ref idref="fl-3c"/>
      </object_component>
      <object_component id="oc-254">
         <name>.debug_info</name>
         <load_address>0x6028</load_address>
         <run_address>0x6028</run_address>
         <size>0x165</size>
         <input_file_ref idref="fl-3d"/>
      </object_component>
      <object_component id="oc-3a9">
         <name>.debug_info</name>
         <load_address>0x618d</load_address>
         <run_address>0x618d</run_address>
         <size>0x16a</size>
         <input_file_ref idref="fl-3e"/>
      </object_component>
      <object_component id="oc-303">
         <name>.debug_info</name>
         <load_address>0x62f7</load_address>
         <run_address>0x62f7</run_address>
         <size>0x1e2</size>
         <input_file_ref idref="fl-3e"/>
      </object_component>
      <object_component id="oc-3cf">
         <name>.debug_info</name>
         <load_address>0x64d9</load_address>
         <run_address>0x64d9</run_address>
         <size>0x19f</size>
         <input_file_ref idref="fl-3f"/>
      </object_component>
      <object_component id="oc-322">
         <name>.debug_info</name>
         <load_address>0x6678</load_address>
         <run_address>0x6678</run_address>
         <size>0x328</size>
         <input_file_ref idref="fl-3f"/>
      </object_component>
      <object_component id="oc-3b0">
         <name>.debug_info</name>
         <load_address>0x69a0</load_address>
         <run_address>0x69a0</run_address>
         <size>0x171</size>
         <input_file_ref idref="fl-40"/>
      </object_component>
      <object_component id="oc-309">
         <name>.debug_info</name>
         <load_address>0x6b11</load_address>
         <run_address>0x6b11</run_address>
         <size>0x5ce</size>
         <input_file_ref idref="fl-40"/>
      </object_component>
      <object_component id="oc-31f">
         <name>.debug_info</name>
         <load_address>0x70df</load_address>
         <run_address>0x70df</run_address>
         <size>0x1a1</size>
         <input_file_ref idref="fl-41"/>
      </object_component>
      <object_component id="oc-262">
         <name>.debug_info</name>
         <load_address>0x7280</load_address>
         <run_address>0x7280</run_address>
         <size>0x2df</size>
         <input_file_ref idref="fl-41"/>
      </object_component>
      <object_component id="oc-42b">
         <name>.debug_info</name>
         <load_address>0x755f</load_address>
         <run_address>0x755f</run_address>
         <size>0x171</size>
         <input_file_ref idref="fl-42"/>
      </object_component>
      <object_component id="oc-3c9">
         <name>.debug_info</name>
         <load_address>0x76d0</load_address>
         <run_address>0x76d0</run_address>
         <size>0x1f8</size>
         <input_file_ref idref="fl-42"/>
      </object_component>
      <object_component id="oc-268">
         <name>.debug_info</name>
         <load_address>0x78c8</load_address>
         <run_address>0x78c8</run_address>
         <size>0x18c</size>
         <input_file_ref idref="fl-43"/>
      </object_component>
      <object_component id="oc-216">
         <name>.debug_info</name>
         <load_address>0x7a54</load_address>
         <run_address>0x7a54</run_address>
         <size>0x121</size>
         <input_file_ref idref="fl-44"/>
      </object_component>
      <object_component id="oc-17c">
         <name>.debug_info</name>
         <load_address>0x7b75</load_address>
         <run_address>0x7b75</run_address>
         <size>0x180</size>
         <input_file_ref idref="fl-47"/>
      </object_component>
      <object_component id="oc-111">
         <name>.debug_info</name>
         <load_address>0x7cf5</load_address>
         <run_address>0x7cf5</run_address>
         <size>0x179</size>
         <input_file_ref idref="fl-47"/>
      </object_component>
      <object_component id="oc-35e">
         <name>.debug_info</name>
         <load_address>0x7e6e</load_address>
         <run_address>0x7e6e</run_address>
         <size>0x423</size>
         <input_file_ref idref="fl-48"/>
      </object_component>
      <object_component id="oc-346">
         <name>.debug_info</name>
         <load_address>0x8291</load_address>
         <run_address>0x8291</run_address>
         <size>0x22d</size>
         <input_file_ref idref="fl-48"/>
      </object_component>
      <object_component id="oc-438">
         <name>.debug_info</name>
         <load_address>0x84be</load_address>
         <run_address>0x84be</run_address>
         <size>0x1b2</size>
         <input_file_ref idref="fl-48"/>
      </object_component>
      <object_component id="oc-43e">
         <name>.debug_info</name>
         <load_address>0x8670</load_address>
         <run_address>0x8670</run_address>
         <size>0x286</size>
         <input_file_ref idref="fl-48"/>
      </object_component>
      <object_component id="oc-3e7">
         <name>.debug_info</name>
         <load_address>0x88f6</load_address>
         <run_address>0x88f6</run_address>
         <size>0x24a</size>
         <input_file_ref idref="fl-48"/>
      </object_component>
      <object_component id="oc-4a9">
         <name>.debug_info</name>
         <load_address>0x8b40</load_address>
         <run_address>0x8b40</run_address>
         <size>0x3ca</size>
         <input_file_ref idref="fl-48"/>
      </object_component>
      <object_component id="oc-4af">
         <name>.debug_info</name>
         <load_address>0x8f0a</load_address>
         <run_address>0x8f0a</run_address>
         <size>0x1bc</size>
         <input_file_ref idref="fl-48"/>
      </object_component>
      <object_component id="oc-4b5">
         <name>.debug_info</name>
         <load_address>0x90c6</load_address>
         <run_address>0x90c6</run_address>
         <size>0x21a</size>
         <input_file_ref idref="fl-48"/>
      </object_component>
      <object_component id="oc-456">
         <name>.debug_info</name>
         <load_address>0x92e0</load_address>
         <run_address>0x92e0</run_address>
         <size>0x26c</size>
         <input_file_ref idref="fl-48"/>
      </object_component>
      <object_component id="oc-4bd">
         <name>.debug_info</name>
         <load_address>0x954c</load_address>
         <run_address>0x954c</run_address>
         <size>0x3e1</size>
         <input_file_ref idref="fl-48"/>
      </object_component>
      <object_component id="oc-4c3">
         <name>.debug_info</name>
         <load_address>0x992d</load_address>
         <run_address>0x992d</run_address>
         <size>0x205</size>
         <input_file_ref idref="fl-48"/>
      </object_component>
      <object_component id="oc-45d">
         <name>.debug_info</name>
         <load_address>0x9b32</load_address>
         <run_address>0x9b32</run_address>
         <size>0x231</size>
         <input_file_ref idref="fl-48"/>
      </object_component>
      <object_component id="oc-463">
         <name>.debug_info</name>
         <load_address>0x9d63</load_address>
         <run_address>0x9d63</run_address>
         <size>0x375</size>
         <input_file_ref idref="fl-48"/>
      </object_component>
      <object_component id="oc-4d0">
         <name>.debug_info</name>
         <load_address>0xa0d8</load_address>
         <run_address>0xa0d8</run_address>
         <size>0x458</size>
         <input_file_ref idref="fl-48"/>
      </object_component>
      <object_component id="oc-468">
         <name>.debug_info</name>
         <load_address>0xa530</load_address>
         <run_address>0xa530</run_address>
         <size>0x27f</size>
         <input_file_ref idref="fl-48"/>
      </object_component>
      <object_component id="oc-3ed">
         <name>.debug_info</name>
         <load_address>0xa7af</load_address>
         <run_address>0xa7af</run_address>
         <size>0x394</size>
         <input_file_ref idref="fl-48"/>
      </object_component>
      <object_component id="oc-34c">
         <name>.debug_info</name>
         <load_address>0xab43</load_address>
         <run_address>0xab43</run_address>
         <size>0x304</size>
         <input_file_ref idref="fl-48"/>
      </object_component>
      <object_component id="oc-352">
         <name>.debug_info</name>
         <load_address>0xae47</load_address>
         <run_address>0xae47</run_address>
         <size>0x26c</size>
         <input_file_ref idref="fl-48"/>
      </object_component>
      <object_component id="oc-358">
         <name>.debug_info</name>
         <load_address>0xb0b3</load_address>
         <run_address>0xb0b3</run_address>
         <size>0x269</size>
         <input_file_ref idref="fl-48"/>
      </object_component>
      <object_component id="oc-2a4">
         <name>.debug_info</name>
         <load_address>0xb31c</load_address>
         <run_address>0xb31c</run_address>
         <size>0x346</size>
         <input_file_ref idref="fl-48"/>
      </object_component>
      <object_component id="oc-364">
         <name>.debug_info</name>
[...]
      <symbol id="sm-362">
         <name>__mspabi_fltud</name>
         <value>0x80ae</value>
         <object_component_ref idref="oc-252"/>
      </symbol>
      <symbol id="sm-377">
         <name>__mspabi_fltuld</name>
         <value>0x753c</value>
         <object_component_ref idref="oc-301"/>
      </symbol>
      <symbol id="sm-398">
         <name>__TI_frcaddd</name>
         <value>0x54bc</value>
         <object_component_ref idref="oc-321"/>
      </symbol>
      <symbol id="sm-3b3">
         <name>__TI_frcdivd</name>
         <value>0x4000</value>
         <object_component_ref idref="oc-308"/>
      </symbol>
      <symbol id="sm-3d5">
         <name>__mspabi_mpyd</name>
         <value>0x4fe0</value>
         <object_component_ref idref="oc-261"/>
      </symbol>
      <symbol id="sm-3e8">
         <name>__TI_renormd</name>
         <value>0x6fa8</value>
         <object_component_ref idref="oc-3c8"/>
      </symbol>
      <symbol id="sm-3f1">
         <name>__mspabi_subd</name>
         <value>0x7d7e</value>
         <object_component_ref idref="oc-267"/>
      </symbol>
      <symbol id="sm-3fb">
         <name>C$$EXIT</name>
         <value>0x80b4</value>
         <object_component_ref idref="oc-213"/>
      </symbol>
      <symbol id="sm-3fc">
         <name>abort</name>
         <value>0x80b4</value>
         <object_component_ref idref="oc-213"/>
      </symbol>
      <symbol id="sm-40c">
         <name>memcpy</name>
         <value>0x7ff2</value>
         <object_component_ref idref="oc-110"/>
      </symbol>
      <symbol id="sm-5dd">
         <name>__TI_printfi</name>
         <value>0x4ad2</value>
         <object_component_ref idref="oc-2a3"/>
      </symbol>
      <symbol id="sm-5f9">
         <name>frexpl</name>
         <value>0x7066</value>
         <object_component_ref idref="oc-4c9"/>
      </symbol>
      <symbol id="sm-5fa">
         <name>frexp</name>
         <value>0x7066</value>
         <object_component_ref idref="oc-4c9"/>
      </symbol>
      <symbol id="sm-612">
         <name>scalbn</name>
         <value>0x6692</value>
         <object_component_ref idref="oc-51e"/>
      </symbol>
      <symbol id="sm-613">
         <name>scalbnl</name>
         <value>0x6692</value>
         <object_component_ref idref="oc-51e"/>
      </symbol>
      <symbol id="sm-614">
         <name>ldexpl</name>
         <value>0x6692</value>
         <object_component_ref idref="oc-51e"/>
      </symbol>
      <symbol id="sm-615">
         <name>ldexp</name>
         <value>0x6692</value>
         <object_component_ref idref="oc-51e"/>
      </symbol>
      <symbol id="sm-61e">
         <name>copysign</name>
         <value>0x7dac</value>
         <object_component_ref idref="oc-547"/>
      </symbol>
      <symbol id="sm-61f">
         <name>copysignl</name>
         <value>0x7dac</value>
         <object_component_ref idref="oc-547"/>
      </symbol>
      <symbol id="sm-637">
         <name>wcslen</name>
         <value>0x7fa8</value>
         <object_component_ref idref="oc-3fa"/>
      </symbol>
      <symbol id="sm-63f">
         <name>__mspabi_srai</name>
         <value>0x7e08</value>
         <object_component_ref idref="oc-286"/>
      </symbol>
      <symbol id="sm-640">
         <name>__mspabi_srai_8</name>
         <value>0x7e22</value>
         <object_component_ref idref="oc-286"/>
      </symbol>
      <symbol id="sm-641">
         <name>__mspabi_srai_9</name>
         <value>0x7e20</value>
         <object_component_ref idref="oc-286"/>
      </symbol>
      <symbol id="sm-642">
         <name>__mspabi_srai_6</name>
         <value>0x7e26</value>
         <object_component_ref idref="oc-286"/>
      </symbol>
      <symbol id="sm-643">
         <name>__mspabi_srai_7</name>
         <value>0x7e24</value>
         <object_component_ref idref="oc-286"/>
      </symbol>
      <symbol id="sm-644">
         <name>__mspabi_srai_4</name>
         <value>0x7e2a</value>
         <object_component_ref idref="oc-286"/>
      </symbol>
      <symbol id="sm-645">
         <name>__mspabi_srai_5</name>
         <value>0x7e28</value>
         <object_component_ref idref="oc-286"/>
      </symbol>
      <symbol id="sm-646">
         <name>__mspabi_srai_2</name>
         <value>0x7e2e</value>
         <object_component_ref idref="oc-286"/>
      </symbol>
      <symbol id="sm-647">
         <name>__mspabi_srai_3</name>
         <value>0x7e2c</value>
         <object_component_ref idref="oc-286"/>
      </symbol>
      <symbol id="sm-648">
         <name>__mspabi_srai_1</name>
         <value>0x7e30</value>
         <object_component_ref idref="oc-286"/>
      </symbol>
      <symbol id="sm-649">
         <name>__mspabi_srai_15</name>
         <value>0x7e14</value>
         <object_component_ref idref="oc-286"/>
      </symbol>
      <symbol id="sm-64a">
         <name>__mspabi_srai_14</name>
         <value>0x7e16</value>
         <object_component_ref idref="oc-286"/>
      </symbol>
      <symbol id="sm-64b">
         <name>__mspabi_srai_13</name>
         <value>0x7e18</value>
         <object_component_ref idref="oc-286"/>
      </symbol>
      <symbol id="sm-64c">
         <name>__mspabi_srai_12</name>
         <value>0x7e1a</value>
         <object_component_ref idref="oc-286"/>
      </symbol>
      <symbol id="sm-64d">
         <name>__mspabi_srai_11</name>
         <value>0x7e1c</value>
         <object_component_ref idref="oc-286"/>
      </symbol>
      <symbol id="sm-64e">
         <name>__mspabi_srai_10</name>
         <value>0x7e1e</value>
         <object_component_ref idref="oc-286"/>
      </symbol>
      <symbol id="sm-65e">
         <name>__mspabi_sral</name>
         <value>0x8034</value>
         <object_component_ref idref="oc-3c3"/>
      </symbol>
      <symbol id="sm-65f">
         <name>__mspabi_sral_15</name>
         <value>0x7c30</value>
         <object_component_ref idref="oc-28b"/>
      </symbol>
      <symbol id="sm-660">
         <name>__mspabi_sral_14</name>
         <value>0x7c34</value>
         <object_component_ref idref="oc-28b"/>
      </symbol>
      <symbol id="sm-661">
         <name>__mspabi_sral_13</name>
         <value>0x7c38</value>
         <object_component_ref idref="oc-28b"/>
      </symbol>
      <symbol id="sm-662">
         <name>__mspabi_sral_12</name>
         <value>0x7c3c</value>
         <object_component_ref idref="oc-28b"/>
      </symbol>
      <symbol id="sm-663">
         <name>__mspabi_sral_11</name>
         <value>0x7c40</value>
         <object_component_ref idref="oc-28b"/>
      </symbol>
      <symbol id="sm-664">
         <name>__mspabi_sral_10</name>
         <value>0x7c44</value>
         <object_component_ref idref="oc-28b"/>
      </symbol>
      <symbol id="sm-665">
         <name>__mspabi_sral_8</name>
         <value>0x7c4c</value>
         <object_component_ref idref="oc-28b"/>
      </symbol>
      <symbol id="sm-666">
         <name>__mspabi_sral_9</name>
         <value>0x7c48</value>
         <object_component_ref idref="oc-28b"/>
      </symbol>
      <symbol id="sm-667">
         <name>__mspabi_sral_6</name>
         <value>0x7c54</value>
         <object_component_ref idref="oc-28b"/>
      </symbol>
      <symbol id="sm-668">
         <name>__mspabi_sral_7</name>
         <value>0x7c50</value>
         <object_component_ref idref="oc-28b"/>
      </symbol>
      <symbol id="sm-669">
         <name>__mspabi_sral_4</name>
         <value>0x7c5c</value>
         <object_component_ref idref="oc-28b"/>
      </symbol>
      <symbol id="sm-66a">
         <name>__mspabi_sral_5</name>
         <value>0x7c58</value>
         <object_component_ref idref="oc-28b"/>
      </symbol>
      <symbol id="sm-66b">
         <name>__mspabi_sral_2</name>
         <value>0x7c64</value>
         <object_component_ref idref="oc-28b"/>
      </symbol>
      <symbol id="sm-66c">
         <name>__mspabi_sral_3</name>
         <value>0x7c60</value>
         <object_component_ref idref="oc-28b"/>
      </symbol>
      <symbol id="sm-66d">
         <name>__mspabi_sral_1</name>
         <value>0x7c68</value>
         <object_component_ref idref="oc-28b"/>
      </symbol>
      <symbol id="sm-677">
         <name>__mspabi_remu</name>
         <value>0x7f56</value>
         <object_component_ref idref="oc-494"/>
      </symbol>
      <symbol id="sm-678">
         <name>__mspabi_divu</name>
         <value>0x7f56</value>
         <object_component_ref idref="oc-494"/>
      </symbol>
      <symbol id="sm-686">
         <name>__mspabi_remul</name>
         <value>0x7998</value>
         <object_component_ref idref="oc-48f"/>
      </symbol>
      <symbol id="sm-687">
         <name>__mspabi_divul</name>
         <value>0x7998</value>
         <object_component_ref idref="oc-48f"/>
      </symbol>
      <symbol id="sm-697">
         <name>__mspabi_slll_9</name>
         <value>0x7c86</value>
         <object_component_ref idref="oc-329"/>
      </symbol>
      <symbol id="sm-698">
         <name>__mspabi_slll_8</name>
         <value>0x7c8a</value>
         <object_component_ref idref="oc-329"/>
      </symbol>
      <symbol id="sm-699">
         <name>__mspabi_slll_7</name>
         <value>0x7c8e</value>
         <object_component_ref idref="oc-329"/>
      </symbol>
      <symbol id="sm-69a">
         <name>__mspabi_slll_6</name>
         <value>0x7c92</value>
         <object_component_ref idref="oc-329"/>
      </symbol>
      <symbol id="sm-69b">
         <name>__mspabi_slll_5</name>
         <value>0x7c96</value>
         <object_component_ref idref="oc-329"/>
      </symbol>
      <symbol id="sm-69c">
         <name>__mspabi_slll_4</name>
         <value>0x7c9a</value>
         <object_component_ref idref="oc-329"/>
      </symbol>
      <symbol id="sm-69d">
         <name>__mspabi_slll_3</name>
         <value>0x7c9e</value>
         <object_component_ref idref="oc-329"/>
      </symbol>
      <symbol id="sm-69e">
         <name>__mspabi_slll_2</name>
         <value>0x7ca2</value>
         <object_component_ref idref="oc-329"/>
      </symbol>
      <symbol id="sm-69f">
         <name>__mspabi_slll_1</name>
         <value>0x7ca6</value>
         <object_component_ref idref="oc-329"/>
      </symbol>
      <symbol id="sm-6a0">
         <name>__mspabi_slll</name>
         <value>0x8044</value>
         <object_component_ref idref="oc-3b9"/>
      </symbol>
      <symbol id="sm-6a1">
         <name>__mspabi_slll_15</name>
         <value>0x7c6e</value>
         <object_component_ref idref="oc-329"/>
      </symbol>
      <symbol id="sm-6a2">
         <name>__mspabi_slll_14</name>
         <value>0x7c72</value>
         <object_component_ref idref="oc-329"/>
      </symbol>
      <symbol id="sm-6a3">
         <name>__mspabi_slll_13</name>
         <value>0x7c76</value>
         <object_component_ref idref="oc-329"/>
      </symbol>
      <symbol id="sm-6a4">
         <name>__mspabi_slll_12</name>
         <value>0x7c7a</value>
         <object_component_ref idref="oc-329"/>
      </symbol>
      <symbol id="sm-6a5">
         <name>__mspabi_slll_11</name>
         <value>0x7c7e</value>
         <object_component_ref idref="oc-329"/>
      </symbol>
      <symbol id="sm-6a6">
         <name>__mspabi_slll_10</name>
         <value>0x7c82</value>
         <object_component_ref idref="oc-329"/>
      </symbol>
      <symbol id="sm-6ae">
         <name>__mspabi_srli_8</name>
         <value>0x7aba</value>
         <object_component_ref idref="oc-fb"/>
      </symbol>
      <symbol id="sm-6af">
         <name>__mspabi_srli_9</name>
         <value>0x7ab6</value>
         <object_component_ref idref="oc-fb"/>
      </symbol>
      <symbol id="sm-6b0">
         <name>__mspabi_srli_6</name>
         <value>0x7ac2</value>
         <object_component_ref idref="oc-fb"/>
      </symbol>
      <symbol id="sm-6b1">
         <name>__mspabi_srli_7</name>
         <value>0x7abe</value>
         <object_component_ref idref="oc-fb"/>
      </symbol>
      <symbol id="sm-6b2">
         <name>__mspabi_srli_4</name>
         <value>0x7aca</value>
         <object_component_ref idref="oc-fb"/>
      </symbol>
      <symbol id="sm-6b3">
         <name>__mspabi_srli_5</name>
         <value>0x7ac6</value>
         <object_component_ref idref="oc-fb"/>
      </symbol>
      <symbol id="sm-6b4">
         <name>__mspabi_srli_2</name>
         <value>0x7ad2</value>
         <object_component_ref idref="oc-fb"/>
      </symbol>
      <symbol id="sm-6b5">
         <name>__mspabi_srli_3</name>
         <value>0x7ace</value>
         <object_component_ref idref="oc-fb"/>
      </symbol>
      <symbol id="sm-6b6">
         <name>__mspabi_srli_1</name>
         <value>0x7ad6</value>
         <object_component_ref idref="oc-fb"/>
      </symbol>
      <symbol id="sm-6b7">
         <name>__mspabi_srli</name>
         <value>0x7a90</value>
         <object_component_ref idref="oc-fb"/>
      </symbol>
      <symbol id="sm-6b8">
         <name>__mspabi_srli_15</name>
         <value>0x7a9e</value>
         <object_component_ref idref="oc-fb"/>
      </symbol>
      <symbol id="sm-6b9">
         <name>__mspabi_srli_14</name>
         <value>0x7aa2</value>
         <object_component_ref idref="oc-fb"/>
      </symbol>
      <symbol id="sm-6ba">
         <name>__mspabi_srli_13</name>
         <value>0x7aa6</value>
         <object_component_ref idref="oc-fb"/>
      </symbol>
      <symbol id="sm-6bb">
         <name>__mspabi_srli_12</name>
         <value>0x7aaa</value>
         <object_component_ref idref="oc-fb"/>
      </symbol>
      <symbol id="sm-6bc">
         <name>__mspabi_srli_11</name>
         <value>0x7aae</value>
         <object_component_ref idref="oc-fb"/>
      </symbol>
      <symbol id="sm-6bd">
         <name>__mspabi_srli_10</name>
         <value>0x7ab2</value>
         <object_component_ref idref="oc-fb"/>
      </symbol>
      <symbol id="sm-6cd">
         <name>__mspabi_srll_8</name>
         <value>0x790e</value>
         <object_component_ref idref="oc-3a3"/>
      </symbol>
      <symbol id="sm-6ce">
         <name>__mspabi_srll_9</name>
         <value>0x7908</value>
         <object_component_ref idref="oc-3a3"/>
      </symbol>
      <symbol id="sm-6cf">
         <name>__mspabi_srll_6</name>
         <value>0x791a</value>
         <object_component_ref idref="oc-3a3"/>
      </symbol>
      <symbol id="sm-6d0">
         <name>__mspabi_srll_7</name>
         <value>0x7914</value>
         <object_component_ref idref="oc-3a3"/>
      </symbol>
      <symbol id="sm-6d1">
         <name>__mspabi_srll_4</name>
         <value>0x7926</value>
         <object_component_ref idref="oc-3a3"/>
      </symbol>
      <symbol id="sm-6d2">
         <name>__mspabi_srll_5</name>
         <value>0x7920</value>
         <object_component_ref idref="oc-3a3"/>
      </symbol>
      <symbol id="sm-6d3">
         <name>__mspabi_srll_2</name>
         <value>0x7932</value>
         <object_component_ref idref="oc-3a3"/>
      </symbol>
      <symbol id="sm-6d4">
         <name>__mspabi_srll_3</name>
         <value>0x792c</value>
         <object_component_ref idref="oc-3a3"/>
      </symbol>
      <symbol id="sm-6d5">
         <name>__mspabi_srll_1</name>
         <value>0x7938</value>
         <object_component_ref idref="oc-3a3"/>
      </symbol>
      <symbol id="sm-6d6">
         <name>__mspabi_srll_15</name>
         <value>0x78e4</value>
         <object_component_ref idref="oc-3a3"/>
      </symbol>
      <symbol id="sm-6d7">
         <name>__mspabi_srll_14</name>
         <value>0x78ea</value>
         <object_component_ref idref="oc-3a3"/>
      </symbol>
      <symbol id="sm-6d8">
         <name>__mspabi_srll_13</name>
         <value>0x78f0</value>
         <object_component_ref idref="oc-3a3"/>
      </symbol>
      <symbol id="sm-6d9">
         <name>__mspabi_srll_12</name>
         <value>0x78f6</value>
         <object_component_ref idref="oc-3a3"/>
      </symbol>
      <symbol id="sm-6da">
         <name>__mspabi_srll_11</name>
         <value>0x78fc</value>
         <object_component_ref idref="oc-3a3"/>
      </symbol>
      <symbol id="sm-6db">
         <name>__mspabi_srll_10</name>
         <value>0x7902</value>
         <object_component_ref idref="oc-3a3"/>
      </symbol>
      <symbol id="sm-6dc">
         <name>__mspabi_srll</name>
         <value>0x7fe0</value>
         <object_component_ref idref="oc-3be"/>
      </symbol>
      <symbol id="sm-6eb">
         <name>__mspabi_srlll</name>
         <value>0x7b22</value>
         <object_component_ref idref="oc-499"/>
      </symbol>
      <symbol id="sm-71e">
         <name>__mspabi_divull</name>
         <value>0x4478</value>
         <object_component_ref idref="oc-489"/>
      </symbol>
      <symbol id="sm-738">
         <name>__mspabi_cmpd</name>
         <value>0x6d38</value>
         <object_component_ref idref="oc-46d"/>
      </symbol>
      <symbol id="sm-745">
         <name>__mspabi_fixdi</name>
         <value>0x7e8a</value>
         <object_component_ref idref="oc-506"/>
      </symbol>
      <symbol id="sm-754">
         <name>__mspabi_fixdli</name>
         <value>0x7740</value>
         <object_component_ref idref="oc-4f4"/>
      </symbol>
      <symbol id="sm-75d">
         <name>__mspabi_fltid</name>
         <value>0x807e</value>
         <object_component_ref idref="oc-52a"/>
      </symbol>
      <symbol id="sm-774">
         <name>__mspabi_fltlid</name>
         <value>0x7116</value>
         <object_component_ref idref="oc-500"/>
      </symbol>
      <symbol id="sm-784">
         <name>__TI_frcmpyd</name>
         <value>0x4d5a</value>
         <object_component_ref idref="oc-318"/>
      </symbol>
      <symbol id="sm-78d">
         <name>__mspabi_negd</name>
         <value>0x7e60</value>
         <object_component_ref idref="oc-44f"/>
      </symbol>
      <symbol id="sm-7a0">
         <name>atoi</name>
         <value>0x79f0</value>
         <object_component_ref idref="oc-3d8"/>
      </symbol>
      <symbol id="sm-7aa">
         <name>_ctypes_</name>
         <value>0x80c0</value>
         <object_component_ref idref="oc-430"/>
      </symbol>
      <symbol id="sm-7b9">
         <name>ltoa</name>
         <value>0x75c6</value>
         <object_component_ref idref="oc-4fa"/>
      </symbol>
      <symbol id="sm-7c8">
         <name>memccpy</name>
         <value>0x7f22</value>
         <object_component_ref idref="oc-3f2"/>
      </symbol>
      <symbol id="sm-7d6">
         <name>memset</name>
         <value>0x7f80</value>
         <object_component_ref idref="oc-3df"/>
      </symbol>
      <symbol id="sm-7e5">
         <name>strchr</name>
         <value>0x7f3c</value>
         <object_component_ref idref="oc-524"/>
      </symbol>
      <symbol id="sm-7f2">
         <name>strlen</name>
         <value>0x8064</value>
         <object_component_ref idref="oc-33f"/>
      </symbol>
      <symbol id="sm-7ff">
         <name>toupper</name>
         <value>0x808a</value>
         <object_component_ref idref="oc-449"/>
      </symbol>
      <symbol id="sm-809">
         <name>abs</name>
         <value>0x8096</value>
         <object_component_ref idref="oc-50d"/>
      </symbol>
      <symbol id="sm-810">
         <name>errno</name>
         <value>0x1140</value>
         <object_component_ref idref="oc-400"/>
      </symbol>
      <symbol id="sm-81c">
         <name>__mspabi_remli</name>
         <value>0x7bf0</value>
         <object_component_ref idref="oc-535"/>
      </symbol>
      <symbol id="sm-81d">
         <name>__mspabi_divli</name>
         <value>0x7bf0</value>
         <object_component_ref idref="oc-535"/>
      </symbol>
      <symbol id="sm-82a">
         <name>__mspabi_sllll</name>
         <value>0x7bac</value>
         <object_component_ref idref="oc-4e2"/>
      </symbol>
   </symbol_table>
   <title>Link successful</title>
</link_info>
